Extracting "HITMAN 3 Patch" - setup data version 7.0.0.3 (unicode)
 - "app/Peacock/contracts/"
 - "app/Peacock/contractSessions/"
 - "app/Peacock/images/"
 - "app/Peacock/logs/"
 - "app/Peacock/userdata/"
 - "app/Retail/steam_saves/"
 - "app/Peacock/chunk0.js"
Warning: Could not read back "/tmp/extracted/app/Peacock/chunk0.js" to calculate output checksum for multi-part file
 - "app/Peacock/LICENSE"
Warning: Could not read back "/tmp/extracted/app/Peacock/LICENSE" to calculate output checksum for multi-part file
 - "app/Peacock/THIRDPARTYNOTICES.txt"
Warning: Could not read back "/tmp/extracted/app/Peacock/THIRDPARTYNOTICES.txt" to calculate output checksum for multi-part file
 - "app/Peacock/nodedist/LICENSE"
Warning: Could not read back "/tmp/extracted/app/Peacock/nodedist/LICENSE" to calculate output checksum for multi-part file
 - "app/Peacock/nodedist/node.exe"
Warning: Could not read back "/tmp/extracted/app/Peacock/nodedist/node.exe" to calculate output checksum for multi-part file
 - "app/Peacock/resources/contracts.prp"
Warning: Could not read back "/tmp/extracted/app/Peacock/resources/contracts.prp" to calculate output checksum for multi-part file
 - "app/Peacock/resources/dynamic_resources_h1.rpkg"
Warning: Could not read back "/tmp/extracted/app/Peacock/resources/dynamic_resources_h1.rpkg" to calculate output checksum for multi-part file
 - "app/Peacock/resources/dynamic_resources_h2.rpkg"
Warning: Could not read back "/tmp/extracted/app/Peacock/resources/dynamic_resources_h2.rpkg" to calculate output checksum for multi-part file
 - "app/Peacock/resources/dynamic_resources_h3.rpkg"
Warning: Could not read back "/tmp/extracted/app/Peacock/resources/dynamic_resources_h3.rpkg" to calculate output checksum for multi-part file
 - "app/Peacock/resources/challenges/00225ca8756f04506914d1633f84927b.prp"
Warning: Could not read back "/tmp/extracted/app/Peacock/resources/challenges/00225ca8756f04506914d1633f84927b.prp" to calculate output checksum for multi-part file
 - "app/Peacock/resources/challenges/02ae41846325c6ae3cc549d42cdc1ab2.prp"
Warning: Could not read back "/tmp/extracted/app/Peacock/resources/challenges/02ae41846325c6ae3cc549d42cdc1ab2.prp" to calculate output checksum for multi-part file
 - "app/Peacock/resources/challenges/03171792b9bc262ac7d2f639b7158079.prp"
Warning: Could not read back "/tmp/extracted/app/Peacock/resources/challenges/03171792b9bc262ac7d2f639b7158079.prp" to calculate output checksum for multi-part file
 - "app/Peacock/resources/challenges/044a2b6c7fe89ec4536d15e48749bf16.prp"
Warning: Could not read back "/tmp/extracted/app/Peacock/resources/challenges/044a2b6c7fe89ec4536d15e48749bf16.prp" to calculate output checksum for multi-part file
 - "app/Peacock/resources/challenges/0527ac3f894a82e26377d57fddd9fe94.prp"
Warning: Could not read back "/tmp/extracted/app/Peacock/resources/challenges/0527ac3f894a82e26377d57fddd9fe94.prp" to calculate output checksum for multi-part file
 - "app/Peacock/resources/challenges/08fd61ed2db3ced639dd599791e45e48.prp"
Warning: Could not read back "/tmp/extracted/app/Peacock/resources/challenges/08fd61ed2db3ced639dd599791e45e48.prp" to calculate output checksum for multi-part file
 - "app/Peacock/resources/challenges/11ac1bc934ab67923763bf1637e527b8.prp"
Warning: Could not read back "/tmp/extracted/app/Peacock/resources/challenges/11ac1bc934ab67923763bf1637e527b8.prp" to calculate output checksum for multi-part file
 - "app/Peacock/resources/challenges/11c1ee5c63856fc63ba9726cb9c347b0.prp"
Warning: Could not read back "/tmp/extracted/app/Peacock/resources/challenges/11c1ee5c63856fc63ba9726cb9c347b0.prp" to calculate output checksum for multi-part file
 - "app/Peacock/resources/challenges/121684356675154db8d76d8441206f14.prp"
Warning: Could not read back "/tmp/extracted/app/Peacock/resources/challenges/121684356675154db8d76d8441206f14.prp" to calculate output checksum for multi-part file
 - "app/Peacock/resources/challenges/13df4efb757c2eecf36abf006e195dd0.prp"
Warning: Could not read back "/tmp/extracted/app/Peacock/resources/challenges/13df4efb757c2eecf36abf006e195dd0.prp" to calculate output checksum for multi-part file
 - "app/Peacock/resources/challenges/1431c562174e16369c0571c9e115cf79.prp"
Warning: Could not read back "/tmp/extracted/app/Peacock/resources/challenges/1431c562174e16369c0571c9e115cf79.prp" to calculate output checksum for multi-part file
 - "app/Peacock/resources/challenges/177dc9e619fd8d94024177b8bf245e09.prp"
Warning: Could not read back "/tmp/extracted/app/Peacock/resources/challenges/177dc9e619fd8d94024177b8bf245e09.prp" to calculate output checksum for multi-part file
 - "app/Peacock/resources/challenges/186b3a2049aa494a1d0e2899f4f3c5af.prp"
Warning: Could not read back "/tmp/extracted/app/Peacock/resources/challenges/186b3a2049aa494a1d0e2899f4f3c5af.prp" to calculate output checksum for multi-part file
 - "app/Peacock/resources/challenges/1882b4e60c38ed00024e2e635b4a554c.prp"
Warning: Could not read back "/tmp/extracted/app/Peacock/resources/challenges/1882b4e60c38ed00024e2e635b4a554c.prp" to calculate output checksum for multi-part file
 - "app/Peacock/resources/challenges/2273292a6759e5091c894057f641fcb7.prp"
Warning: Could not read back "/tmp/extracted/app/Peacock/resources/challenges/2273292a6759e5091c894057f641fcb7.prp" to calculate output checksum for multi-part file
 - "app/Peacock/resources/challenges/28e0cfd6deb7384968c8088c7a408a3c.prp"
Warning: Could not read back "/tmp/extracted/app/Peacock/resources/challenges/28e0cfd6deb7384968c8088c7a408a3c.prp" to calculate output checksum for multi-part file
 - "app/Peacock/resources/challenges/2be3853845533d7a968b1d04dd84094f.prp"
Warning: Could not read back "/tmp/extracted/app/Peacock/resources/challenges/2be3853845533d7a968b1d04dd84094f.prp" to calculate output checksum for multi-part file
 - "app/Peacock/resources/challenges/2e8faa272c8c3dc6989209511fb77c75.prp"
Warning: Could not read back "/tmp/extracted/app/Peacock/resources/challenges/2e8faa272c8c3dc6989209511fb77c75.prp" to calculate output checksum for multi-part file
 - "app/Peacock/resources/challenges/33a6c0d6c635c59fecf152a94f3637b8.prp"
Warning: Could not read back "/tmp/extracted/app/Peacock/resources/challenges/33a6c0d6c635c59fecf152a94f3637b8.prp" to calculate output checksum for multi-part file
 - "app/Peacock/resources/challenges/34713434309e23a0a40cd4d0d453f11d.prp"
Warning: Could not read back "/tmp/extracted/app/Peacock/resources/challenges/34713434309e23a0a40cd4d0d453f11d.prp" to calculate output checksum for multi-part file
 - "app/Peacock/resources/challenges/3535c719c41f3358ba66b3c78faf3e0c.prp"
Warning: Could not read back "/tmp/extracted/app/Peacock/resources/challenges/3535c719c41f3358ba66b3c78faf3e0c.prp" to calculate output checksum for multi-part file
 - "app/Peacock/resources/challenges/359d212778279b499257bd52341fa1f0.prp"
Warning: Could not read back "/tmp/extracted/app/Peacock/resources/challenges/359d212778279b499257bd52341fa1f0.prp" to calculate output checksum for multi-part file
 - "app/Peacock/resources/challenges/377ffc15ee1171f59e3940be4ce60fa3.prp"
Warning: Could not read back "/tmp/extracted/app/Peacock/resources/challenges/377ffc15ee1171f59e3940be4ce60fa3.prp" to calculate output checksum for multi-part file
 - "app/Peacock/resources/challenges/3985a76c86d17774872afbd7afbcb10a.prp"
Warning: Could not read back "/tmp/extracted/app/Peacock/resources/challenges/3985a76c86d17774872afbd7afbcb10a.prp" to calculate output checksum for multi-part file
 - "app/Peacock/resources/challenges/39b85241f3e35ff51181d8a0b44cd7e2.prp"
Warning: Could not read back "/tmp/extracted/app/Peacock/resources/challenges/39b85241f3e35ff51181d8a0b44cd7e2.prp" to calculate output checksum for multi-part file
 - "app/Peacock/resources/challenges/3a14fe88040b2cfd88a64e6e8ed8068f.prp"
Warning: Could not read back "/tmp/extracted/app/Peacock/resources/challenges/3a14fe88040b2cfd88a64e6e8ed8068f.prp" to calculate output checksum for multi-part file
 - "app/Peacock/resources/challenges/3a382afa27fd3a88e0b7e674011c428f.prp"
Warning: Could not read back "/tmp/extracted/app/Peacock/resources/challenges/3a382afa27fd3a88e0b7e674011c428f.prp" to calculate output checksum for multi-part file
 - "app/Peacock/resources/challenges/3abd8fe239c2f36e8db2953bce1301b9.prp"
Warning: Could not read back "/tmp/extracted/app/Peacock/resources/challenges/3abd8fe239c2f36e8db2953bce1301b9.prp" to calculate output checksum for multi-part file
 - "app/Peacock/resources/challenges/3c15422c36f07063df2ab5e807aa69da.prp"
Warning: Could not read back "/tmp/extracted/app/Peacock/resources/challenges/3c15422c36f07063df2ab5e807aa69da.prp" to calculate output checksum for multi-part file
 - "app/Peacock/resources/challenges/3c20a1e8be069d67601e29ba31ef4169.prp"
Warning: Could not read back "/tmp/extracted/app/Peacock/resources/challenges/3c20a1e8be069d67601e29ba31ef4169.prp" to calculate output checksum for multi-part file
 - "app/Peacock/resources/challenges/3ce3b2706ae7e0deae45a807dc4889b2.prp"
Warning: Could not read back "/tmp/extracted/app/Peacock/resources/challenges/3ce3b2706ae7e0deae45a807dc4889b2.prp" to calculate output checksum for multi-part file
 - "app/Peacock/resources/challenges/3dee93b9ad313d8a6563eac440c7d278.prp"
Warning: Could not read back "/tmp/extracted/app/Peacock/resources/challenges/3dee93b9ad313d8a6563eac440c7d278.prp" to calculate output checksum for multi-part file
 - "app/Peacock/resources/challenges/3dfa75bdbaebae1d9da3fdfbaa3e4c11.prp"
Warning: Could not read back "/tmp/extracted/app/Peacock/resources/challenges/3dfa75bdbaebae1d9da3fdfbaa3e4c11.prp" to calculate output checksum for multi-part file
 - "app/Peacock/resources/challenges/40c185ba377bede1ab23aa44215791d9.prp"
Warning: Could not read back "/tmp/extracted/app/Peacock/resources/challenges/40c185ba377bede1ab23aa44215791d9.prp" to calculate output checksum for multi-part file
 - "app/Peacock/resources/challenges/41318859fe2e42393232c350d3859435.prp"
Warning: Could not read back "/tmp/extracted/app/Peacock/resources/challenges/41318859fe2e42393232c350d3859435.prp" to calculate output checksum for multi-part file
 - "app/Peacock/resources/challenges/4521b9671ecf87deb293795958165c42.prp"
Warning: Could not read back "/tmp/extracted/app/Peacock/resources/challenges/4521b9671ecf87deb293795958165c42.prp" to calculate output checksum for multi-part file
 - "app/Peacock/resources/challenges/452be4eacee3abcd6dfe8c82f287e86d.prp"
Warning: Could not read back "/tmp/extracted/app/Peacock/resources/challenges/452be4eacee3abcd6dfe8c82f287e86d.prp" to calculate output checksum for multi-part file
 - "app/Peacock/resources/challenges/461ffe03c79a64cc01115a4f9d139378.prp"
Warning: Could not read back "/tmp/extracted/app/Peacock/resources/challenges/461ffe03c79a64cc01115a4f9d139378.prp" to calculate output checksum for multi-part file
 - "app/Peacock/resources/challenges/4b907305f8eabe15c12a3daf1b54e34e.prp"
Warning: Could not read back "/tmp/extracted/app/Peacock/resources/challenges/4b907305f8eabe15c12a3daf1b54e34e.prp" to calculate output checksum for multi-part file
 - "app/Peacock/resources/challenges/4cda9e9016b725f3e9749627eb285742.prp"
Warning: Could not read back "/tmp/extracted/app/Peacock/resources/challenges/4cda9e9016b725f3e9749627eb285742.prp" to calculate output checksum for multi-part file
 - "app/Peacock/resources/challenges/5054bdcdceba25400a993d40b1233c35.prp"
Warning: Could not read back "/tmp/extracted/app/Peacock/resources/challenges/5054bdcdceba25400a993d40b1233c35.prp" to calculate output checksum for multi-part file
 - "app/Peacock/resources/challenges/551c4ce62318b26a756a4b08d0c5679f.prp"
Warning: Could not read back "/tmp/extracted/app/Peacock/resources/challenges/551c4ce62318b26a756a4b08d0c5679f.prp" to calculate output checksum for multi-part file
 - "app/Peacock/resources/challenges/57cb67d203c347a6735957107a2cfb30.prp"
Warning: Could not read back "/tmp/extracted/app/Peacock/resources/challenges/57cb67d203c347a6735957107a2cfb30.prp" to calculate output checksum for multi-part file
 - "app/Peacock/resources/challenges/5c217167ceb7e0cb7de2c8211c259ccb.prp"
Warning: Could not read back "/tmp/extracted/app/Peacock/resources/challenges/5c217167ceb7e0cb7de2c8211c259ccb.prp" to calculate output checksum for multi-part file
 - "app/Peacock/resources/challenges/5d640a1f69e909c845915f10a8c1113f.prp"
Warning: Could not read back "/tmp/extracted/app/Peacock/resources/challenges/5d640a1f69e909c845915f10a8c1113f.prp" to calculate output checksum for multi-part file
 - "app/Peacock/resources/challenges/5f1237dd8c8ccf465d837a3ec1c15915.prp"
Warning: Could not read back "/tmp/extracted/app/Peacock/resources/challenges/5f1237dd8c8ccf465d837a3ec1c15915.prp" to calculate output checksum for multi-part file
 - "app/Peacock/resources/challenges/64da6f17ceea5e1bd3468d4e2febba84.prp"
Warning: Could not read back "/tmp/extracted/app/Peacock/resources/challenges/64da6f17ceea5e1bd3468d4e2febba84.prp" to calculate output checksum for multi-part file
 - "app/Peacock/resources/challenges/69278b544c3bd7e85f27b200ac6b9619.prp"
Warning: Could not read back "/tmp/extracted/app/Peacock/resources/challenges/69278b544c3bd7e85f27b200ac6b9619.prp" to calculate output checksum for multi-part file
 - "app/Peacock/resources/challenges/6acf5cbb1a775ed30743fdfd82abfc19.prp"
Warning: Could not read back "/tmp/extracted/app/Peacock/resources/challenges/6acf5cbb1a775ed30743fdfd82abfc19.prp" to calculate output checksum for multi-part file
 - "app/Peacock/resources/challenges/6f50a8aab5248ae67140044c749e901d.prp"
Warning: Could not read back "/tmp/extracted/app/Peacock/resources/challenges/6f50a8aab5248ae67140044c749e901d.prp" to calculate output checksum for multi-part file
 - "app/Peacock/resources/challenges/7e75b29c651962f27d2eaec004d305fe.prp"
Warning: Could not read back "/tmp/extracted/app/Peacock/resources/challenges/7e75b29c651962f27d2eaec004d305fe.prp" to calculate output checksum for multi-part file
 - "app/Peacock/resources/challenges/80be120de5bbf6bee735855a1ac6bad3.prp"
Warning: Could not read back "/tmp/extracted/app/Peacock/resources/challenges/80be120de5bbf6bee735855a1ac6bad3.prp" to calculate output checksum for multi-part file
 - "app/Peacock/resources/challenges/81b5f74dbe771e9e6e455d3cc9d28b35.prp"
Warning: Could not read back "/tmp/extracted/app/Peacock/resources/challenges/81b5f74dbe771e9e6e455d3cc9d28b35.prp" to calculate output checksum for multi-part file
 - "app/Peacock/resources/challenges/88567749043cc312f11dc48dd2f2931c.prp"
Warning: Could not read back "/tmp/extracted/app/Peacock/resources/challenges/88567749043cc312f11dc48dd2f2931c.prp" to calculate output checksum for multi-part file
 - "app/Peacock/resources/challenges/89ab1827480b873949fb25544e883d98.prp"
Warning: Could not read back "/tmp/extracted/app/Peacock/resources/challenges/89ab1827480b873949fb25544e883d98.prp" to calculate output checksum for multi-part file
 - "app/Peacock/resources/challenges/8aa96266b4be68b0c4bc6605f76dfc59.prp"
Warning: Could not read back "/tmp/extracted/app/Peacock/resources/challenges/8aa96266b4be68b0c4bc6605f76dfc59.prp" to calculate output checksum for multi-part file
 - "app/Peacock/resources/challenges/8bf6818dcb0c85ae1d8246bc92da8b40.prp"
Warning: Could not read back "/tmp/extracted/app/Peacock/resources/challenges/8bf6818dcb0c85ae1d8246bc92da8b40.prp" to calculate output checksum for multi-part file
 - "app/Peacock/resources/challenges/92d48e8b4193881c77923d17ac1bd631.prp"
Warning: Could not read back "/tmp/extracted/app/Peacock/resources/challenges/92d48e8b4193881c77923d17ac1bd631.prp" to calculate output checksum for multi-part file
 - "app/Peacock/resources/challenges/96d9a3ae333fc32de264ae10b8d20a0c.prp"
Warning: Could not read back "/tmp/extracted/app/Peacock/resources/challenges/96d9a3ae333fc32de264ae10b8d20a0c.prp" to calculate output checksum for multi-part file
 - "app/Peacock/resources/challenges/9a40e616ac93a9da4409cee962fc780f.prp"
Warning: Could not read back "/tmp/extracted/app/Peacock/resources/challenges/9a40e616ac93a9da4409cee962fc780f.prp" to calculate output checksum for multi-part file
 - "app/Peacock/resources/challenges/9dc4ce66f7b6b20a8cd12b496da018db.prp"
Warning: Could not read back "/tmp/extracted/app/Peacock/resources/challenges/9dc4ce66f7b6b20a8cd12b496da018db.prp" to calculate output checksum for multi-part file
 - "app/Peacock/resources/challenges/9ed6d8c3ae32d6ce1e776629268491c6.prp"
Warning: Could not read back "/tmp/extracted/app/Peacock/resources/challenges/9ed6d8c3ae32d6ce1e776629268491c6.prp" to calculate output checksum for multi-part file
 - "app/Peacock/resources/challenges/a09a871a833bd4366f7c24acc88d3a81.prp"
Warning: Could not read back "/tmp/extracted/app/Peacock/resources/challenges/a09a871a833bd4366f7c24acc88d3a81.prp" to calculate output checksum for multi-part file
 - "app/Peacock/resources/challenges/a1f0b0da0dde208fe5656e6bc1b245ce.prp"
Warning: Could not read back "/tmp/extracted/app/Peacock/resources/challenges/a1f0b0da0dde208fe5656e6bc1b245ce.prp" to calculate output checksum for multi-part file
 - "app/Peacock/resources/challenges/a7874abbeae8b5842bb51d4069e9aaa2.prp"
Warning: Could not read back "/tmp/extracted/app/Peacock/resources/challenges/a7874abbeae8b5842bb51d4069e9aaa2.prp" to calculate output checksum for multi-part file
 - "app/Peacock/resources/challenges/aef750a78402593d92cc82074b182562.prp"
Warning: Could not read back "/tmp/extracted/app/Peacock/resources/challenges/aef750a78402593d92cc82074b182562.prp" to calculate output checksum for multi-part file
 - "app/Peacock/resources/challenges/afd821d22b75374bfa073b055c3923b0.prp"
Warning: Could not read back "/tmp/extracted/app/Peacock/resources/challenges/afd821d22b75374bfa073b055c3923b0.prp" to calculate output checksum for multi-part file
 - "app/Peacock/resources/challenges/b38818920184fc95d09fa11d00d26372.prp"
Warning: Could not read back "/tmp/extracted/app/Peacock/resources/challenges/b38818920184fc95d09fa11d00d26372.prp" to calculate output checksum for multi-part file
 - "app/Peacock/resources/challenges/b45807e80754849cfd7092da0802a5b0.prp"
Warning: Could not read back "/tmp/extracted/app/Peacock/resources/challenges/b45807e80754849cfd7092da0802a5b0.prp" to calculate output checksum for multi-part file
 - "app/Peacock/resources/challenges/b5dfef68b7d055a2257ebb959e967888.prp"
Warning: Could not read back "/tmp/extracted/app/Peacock/resources/challenges/b5dfef68b7d055a2257ebb959e967888.prp" to calculate output checksum for multi-part file
 - "app/Peacock/resources/challenges/c10f1a1b35ac25076942c3a1c11f7ce5.prp"
Warning: Could not read back "/tmp/extracted/app/Peacock/resources/challenges/c10f1a1b35ac25076942c3a1c11f7ce5.prp" to calculate output checksum for multi-part file
 - "app/Peacock/resources/challenges/c2c184eb74aefbca71e5e63a44c2dbec.prp"
Warning: Could not read back "/tmp/extracted/app/Peacock/resources/challenges/c2c184eb74aefbca71e5e63a44c2dbec.prp" to calculate output checksum for multi-part file
 - "app/Peacock/resources/challenges/d33eff1610f53ef8ca66579f9f206c9a.prp"
Warning: Could not read back "/tmp/extracted/app/Peacock/resources/challenges/d33eff1610f53ef8ca66579f9f206c9a.prp" to calculate output checksum for multi-part file
 - "app/Peacock/resources/challenges/d342c09159417d151d8cf677faa2d745.prp"
Warning: Could not read back "/tmp/extracted/app/Peacock/resources/challenges/d342c09159417d151d8cf677faa2d745.prp" to calculate output checksum for multi-part file
 - "app/Peacock/resources/challenges/df9197ac52f1ec7906e9c3a61940af78.prp"
Warning: Could not read back "/tmp/extracted/app/Peacock/resources/challenges/df9197ac52f1ec7906e9c3a61940af78.prp" to calculate output checksum for multi-part file
 - "app/Peacock/resources/challenges/e3e41443768086222d56918c58454c1a.prp"
Warning: Could not read back "/tmp/extracted/app/Peacock/resources/challenges/e3e41443768086222d56918c58454c1a.prp" to calculate output checksum for multi-part file
 - "app/Peacock/resources/challenges/e6fff1f2aea2797bb0a9f9127f8d68ee.prp"
Warning: Could not read back "/tmp/extracted/app/Peacock/resources/challenges/e6fff1f2aea2797bb0a9f9127f8d68ee.prp" to calculate output checksum for multi-part file
 - "app/Peacock/resources/challenges/e771c105bb8fb3780415eb892bf323fd.prp"
Warning: Could not read back "/tmp/extracted/app/Peacock/resources/challenges/e771c105bb8fb3780415eb892bf323fd.prp" to calculate output checksum for multi-part file
 - "app/Peacock/resources/challenges/e8d4801e0722ef3aac4ea4c1986463d4.prp"
Warning: Could not read back "/tmp/extracted/app/Peacock/resources/challenges/e8d4801e0722ef3aac4ea4c1986463d4.prp" to calculate output checksum for multi-part file
 - "app/Peacock/resources/challenges/ead44dd83a83e1a5f475675ce7f07c44.prp"
Warning: Could not read back "/tmp/extracted/app/Peacock/resources/challenges/ead44dd83a83e1a5f475675ce7f07c44.prp" to calculate output checksum for multi-part file
 - "app/Peacock/resources/challenges/f08450f5861eedc48b8fa8cf2665b5e0.prp"
Warning: Could not read back "/tmp/extracted/app/Peacock/resources/challenges/f08450f5861eedc48b8fa8cf2665b5e0.prp" to calculate output checksum for multi-part file
 - "app/Peacock/resources/challenges/f1824634605855cbaad3cb00497fe541.prp"
Warning: Could not read back "/tmp/extracted/app/Peacock/resources/challenges/f1824634605855cbaad3cb00497fe541.prp" to calculate output checksum for multi-part file
 - "app/Peacock/resources/challenges/f347cbad711d054c0f4a6e55bbc2adc7.prp"
Warning: Could not read back "/tmp/extracted/app/Peacock/resources/challenges/f347cbad711d054c0f4a6e55bbc2adc7.prp" to calculate output checksum for multi-part file
 - "app/Peacock/resources/challenges/f9b93a4d78baeccc53ea2d041383ec5f.prp"
Warning: Could not read back "/tmp/extracted/app/Peacock/resources/challenges/f9b93a4d78baeccc53ea2d041383ec5f.prp" to calculate output checksum for multi-part file
 - "app/Peacock/resources/challenges/f9ece9d01cbbe6c649d044ac8d2ca354.prp"
Warning: Could not read back "/tmp/extracted/app/Peacock/resources/challenges/f9ece9d01cbbe6c649d044ac8d2ca354.prp" to calculate output checksum for multi-part file
 - "app/Peacock/resources/challenges/fb2c6010b308689841293a32d75434f8.prp"
Warning: Could not read back "/tmp/extracted/app/Peacock/resources/challenges/fb2c6010b308689841293a32d75434f8.prp" to calculate output checksum for multi-part file
 - "app/Peacock/resources/challenges/fb6a4027786a7794c92c389b91bf0a63.prp"
Warning: Could not read back "/tmp/extracted/app/Peacock/resources/challenges/fb6a4027786a7794c92c389b91bf0a63.prp" to calculate output checksum for multi-part file
 - "app/Peacock/resources/challenges/fc63c10099f215804db465a94f7691f8.prp"
Warning: Could not read back "/tmp/extracted/app/Peacock/resources/challenges/fc63c10099f215804db465a94f7691f8.prp" to calculate output checksum for multi-part file
 - "app/Peacock/resources/challenges/ff8426fe949ab6def859a7a114abc319.prp"
Warning: Could not read back "/tmp/extracted/app/Peacock/resources/challenges/ff8426fe949ab6def859a7a114abc319.prp" to calculate output checksum for multi-part file
 - "app/Peacock/resources/mastery/09047729abfe43f26a2f17c9528d4dff.prp"
Warning: Could not read back "/tmp/extracted/app/Peacock/resources/mastery/09047729abfe43f26a2f17c9528d4dff.prp" to calculate output checksum for multi-part file
 - "app/Peacock/resources/mastery/138d5a9ef0ced69369e5f10b18eefeb6.prp"
Warning: Could not read back "/tmp/extracted/app/Peacock/resources/mastery/138d5a9ef0ced69369e5f10b18eefeb6.prp" to calculate output checksum for multi-part file
 - "app/Peacock/resources/mastery/27f9b2998e98a7c85508aa793ceaf077.prp"
Warning: Could not read back "/tmp/extracted/app/Peacock/resources/mastery/27f9b2998e98a7c85508aa793ceaf077.prp" to calculate output checksum for multi-part file
 - "app/Peacock/resources/mastery/29a8e1949eeed34f3754ff563950b83d.prp"
Warning: Could not read back "/tmp/extracted/app/Peacock/resources/mastery/29a8e1949eeed34f3754ff563950b83d.prp" to calculate output checksum for multi-part file
 - "app/Peacock/resources/mastery/2f8f7d030831304ebd6610830333b392.prp"
Warning: Could not read back "/tmp/extracted/app/Peacock/resources/mastery/2f8f7d030831304ebd6610830333b392.prp" to calculate output checksum for multi-part file
 - "app/Peacock/resources/mastery/35e26986c80c51abe6795ec6bfb84046.prp"
Warning: Could not read back "/tmp/extracted/app/Peacock/resources/mastery/35e26986c80c51abe6795ec6bfb84046.prp" to calculate output checksum for multi-part file
 - "app/Peacock/resources/mastery/39c3ae5db7e6b72116b53144ada07d02.prp"
Warning: Could not read back "/tmp/extracted/app/Peacock/resources/mastery/39c3ae5db7e6b72116b53144ada07d02.prp" to calculate output checksum for multi-part file
 - "app/Peacock/resources/mastery/39c7d8275dc7f5609d92a2a190bf9c7d.prp"
Warning: Could not read back "/tmp/extracted/app/Peacock/resources/mastery/39c7d8275dc7f5609d92a2a190bf9c7d.prp" to calculate output checksum for multi-part file
 - "app/Peacock/resources/mastery/4b4ce94118a1fb3e21d11da1c98f0b31.prp"
Warning: Could not read back "/tmp/extracted/app/Peacock/resources/mastery/4b4ce94118a1fb3e21d11da1c98f0b31.prp" to calculate output checksum for multi-part file
 - "app/Peacock/resources/mastery/4ca650fcf5158ac3aec33f68fa964ecd.prp"
Warning: Could not read back "/tmp/extracted/app/Peacock/resources/mastery/4ca650fcf5158ac3aec33f68fa964ecd.prp" to calculate output checksum for multi-part file
 - "app/Peacock/resources/mastery/4d8f2ea24f51802b0fca33647bf85113.prp"
Warning: Could not read back "/tmp/extracted/app/Peacock/resources/mastery/4d8f2ea24f51802b0fca33647bf85113.prp" to calculate output checksum for multi-part file
 - "app/Peacock/resources/mastery/54e218acbf7ece35ae8e52eee33fde26.prp"
Warning: Could not read back "/tmp/extracted/app/Peacock/resources/mastery/54e218acbf7ece35ae8e52eee33fde26.prp" to calculate output checksum for multi-part file
 - "app/Peacock/resources/mastery/55aac9a81e8f6cd1a2771ca9b4c86102.prp"
Warning: Could not read back "/tmp/extracted/app/Peacock/resources/mastery/55aac9a81e8f6cd1a2771ca9b4c86102.prp" to calculate output checksum for multi-part file
 - "app/Peacock/resources/mastery/57f29b546bc82ffe297d2e65274b868e.prp"
Warning: Could not read back "/tmp/extracted/app/Peacock/resources/mastery/57f29b546bc82ffe297d2e65274b868e.prp" to calculate output checksum for multi-part file
 - "app/Peacock/resources/mastery/58fcd6df3236cd52964985e1cc1723af.prp"
Warning: Could not read back "/tmp/extracted/app/Peacock/resources/mastery/58fcd6df3236cd52964985e1cc1723af.prp" to calculate output checksum for multi-part file
 - "app/Peacock/resources/mastery/5c826b1fa27ff2e3409fb973d17e755a.prp"
Warning: Could not read back "/tmp/extracted/app/Peacock/resources/mastery/5c826b1fa27ff2e3409fb973d17e755a.prp" to calculate output checksum for multi-part file
 - "app/Peacock/resources/mastery/60c89e0a95efeadca713e0f2b0fdbb0a.prp"
Warning: Could not read back "/tmp/extracted/app/Peacock/resources/mastery/60c89e0a95efeadca713e0f2b0fdbb0a.prp" to calculate output checksum for multi-part file
 - "app/Peacock/resources/mastery/6a9c1a6b701a93470b51dd21f5848781.prp"
Warning: Could not read back "/tmp/extracted/app/Peacock/resources/mastery/6a9c1a6b701a93470b51dd21f5848781.prp" to calculate output checksum for multi-part file
 - "app/Peacock/resources/mastery/6ed03afbd9b106d1d4baabff11ed3c28.prp"
Warning: Could not read back "/tmp/extracted/app/Peacock/resources/mastery/6ed03afbd9b106d1d4baabff11ed3c28.prp" to calculate output checksum for multi-part file
 - "app/Peacock/resources/mastery/7a2f439e7b734fb496a72b6262129f7e.prp"
Warning: Could not read back "/tmp/extracted/app/Peacock/resources/mastery/7a2f439e7b734fb496a72b6262129f7e.prp" to calculate output checksum for multi-part file
 - "app/Peacock/resources/mastery/86d3d08ed00a959de17df947e3071be0.prp"
Warning: Could not read back "/tmp/extracted/app/Peacock/resources/mastery/86d3d08ed00a959de17df947e3071be0.prp" to calculate output checksum for multi-part file
 - "app/Peacock/resources/mastery/963e08883762acaf3ec23b7f8b224fb4.prp"
Warning: Could not read back "/tmp/extracted/app/Peacock/resources/mastery/963e08883762acaf3ec23b7f8b224fb4.prp" to calculate output checksum for multi-part file
 - "app/Peacock/resources/mastery/9f1d9a851fad23613c068638951bc26a.prp"
Warning: Could not read back "/tmp/extracted/app/Peacock/resources/mastery/9f1d9a851fad23613c068638951bc26a.prp" to calculate output checksum for multi-part file
 - "app/Peacock/resources/mastery/a0bff85453d76e261c14b8182a036f70.prp"
Warning: Could not read back "/tmp/extracted/app/Peacock/resources/mastery/a0bff85453d76e261c14b8182a036f70.prp" to calculate output checksum for multi-part file
 - "app/Peacock/resources/mastery/a85c37c80def34b23c7fe1e78d79ee67.prp"
Warning: Could not read back "/tmp/extracted/app/Peacock/resources/mastery/a85c37c80def34b23c7fe1e78d79ee67.prp" to calculate output checksum for multi-part file
 - "app/Peacock/resources/mastery/b42b788c73300f977bd72648ddfd5f09.prp"
Warning: Could not read back "/tmp/extracted/app/Peacock/resources/mastery/b42b788c73300f977bd72648ddfd5f09.prp" to calculate output checksum for multi-part file
 - "app/Peacock/resources/mastery/bb9eda53d483f8c6d661487752cf5aa9.prp"
Warning: Could not read back "/tmp/extracted/app/Peacock/resources/mastery/bb9eda53d483f8c6d661487752cf5aa9.prp" to calculate output checksum for multi-part file
 - "app/Peacock/resources/mastery/bbdd6af7b0f4995e6842a006d3ec0ccf.prp"
Warning: Could not read back "/tmp/extracted/app/Peacock/resources/mastery/bbdd6af7b0f4995e6842a006d3ec0ccf.prp" to calculate output checksum for multi-part file
 - "app/Peacock/resources/mastery/bebbb802afa610af5880d47b16fc72ed.prp"
Warning: Could not read back "/tmp/extracted/app/Peacock/resources/mastery/bebbb802afa610af5880d47b16fc72ed.prp" to calculate output checksum for multi-part file
 - "app/Peacock/resources/mastery/c4e8e0157b07a1a6a5da6631b1627d2e.prp"
Warning: Could not read back "/tmp/extracted/app/Peacock/resources/mastery/c4e8e0157b07a1a6a5da6631b1627d2e.prp" to calculate output checksum for multi-part file
 - "app/Peacock/resources/mastery/cba707dab789581f14893fb4b3f7f04a.prp"
Warning: Could not read back "/tmp/extracted/app/Peacock/resources/mastery/cba707dab789581f14893fb4b3f7f04a.prp" to calculate output checksum for multi-part file
 - "app/Peacock/resources/mastery/d202ef4237da99af439ca71bf716ddc2.prp"
Warning: Could not read back "/tmp/extracted/app/Peacock/resources/mastery/d202ef4237da99af439ca71bf716ddc2.prp" to calculate output checksum for multi-part file
 - "app/Peacock/resources/mastery/d2366eb72f83f51459d19dd635125c00.prp"
Warning: Could not read back "/tmp/extracted/app/Peacock/resources/mastery/d2366eb72f83f51459d19dd635125c00.prp" to calculate output checksum for multi-part file
 - "app/Peacock/resources/mastery/d7961dbc64e75916f8d5ae7208a57455.prp"
Warning: Could not read back "/tmp/extracted/app/Peacock/resources/mastery/d7961dbc64e75916f8d5ae7208a57455.prp" to calculate output checksum for multi-part file
 - "app/Peacock/resources/mastery/db44c9a4334b8081de48030e592bbdd9.prp"
Warning: Could not read back "/tmp/extracted/app/Peacock/resources/mastery/db44c9a4334b8081de48030e592bbdd9.prp" to calculate output checksum for multi-part file
 - "app/Peacock/resources/mastery/db799c03e1ca16737650d822de3236d3.prp"
Warning: Could not read back "/tmp/extracted/app/Peacock/resources/mastery/db799c03e1ca16737650d822de3236d3.prp" to calculate output checksum for multi-part file
 - "app/Peacock/resources/mastery/ddc09cd99ddee1550c7fd3a4819119fd.prp"
Warning: Could not read back "/tmp/extracted/app/Peacock/resources/mastery/ddc09cd99ddee1550c7fd3a4819119fd.prp" to calculate output checksum for multi-part file
 - "app/Peacock/resources/mastery/e20f43344cf369e2f8163f9abc6a3a13.prp"
Warning: Could not read back "/tmp/extracted/app/Peacock/resources/mastery/e20f43344cf369e2f8163f9abc6a3a13.prp" to calculate output checksum for multi-part file
 - "app/Peacock/resources/mastery/e4a8beb0b2530bf33a0c2b62c6f48641.prp"
Warning: Could not read back "/tmp/extracted/app/Peacock/resources/mastery/e4a8beb0b2530bf33a0c2b62c6f48641.prp" to calculate output checksum for multi-part file
 - "app/Peacock/resources/mastery/eab314d0c4449fe0ac97c60bb95fbd8e.prp"
Warning: Could not read back "/tmp/extracted/app/Peacock/resources/mastery/eab314d0c4449fe0ac97c60bb95fbd8e.prp" to calculate output checksum for multi-part file
 - "app/Peacock/resources/mastery/ec6151a790d43a6c0d5d2d81372e90d4.prp"
Warning: Could not read back "/tmp/extracted/app/Peacock/resources/mastery/ec6151a790d43a6c0d5d2d81372e90d4.prp" to calculate output checksum for multi-part file
 - "app/Peacock/resources/mastery/f7285d7cf176d9bdc05f6fbedc42d5b4.prp"
Warning: Could not read back "/tmp/extracted/app/Peacock/resources/mastery/f7285d7cf176d9bdc05f6fbedc42d5b4.prp" to calculate output checksum for multi-part file
 - "app/Peacock/resources/mastery/f9b052f9e24b01fe34b92969ba099fc4.prp"
Warning: Could not read back "/tmp/extracted/app/Peacock/resources/mastery/f9b052f9e24b01fe34b92969ba099fc4.prp" to calculate output checksum for multi-part file
 - "app/Peacock/resources/mastery/fc83e5d2bc3650ff9cba33cf5722c2c1.prp"
Warning: Could not read back "/tmp/extracted/app/Peacock/resources/mastery/fc83e5d2bc3650ff9cba33cf5722c2c1.prp" to calculate output checksum for multi-part file
 - "app/Peacock/resources/mastery/fcb135a58977ccb9acda3aba7790f311.prp"
Warning: Could not read back "/tmp/extracted/app/Peacock/resources/mastery/fcb135a58977ccb9acda3aba7790f311.prp" to calculate output checksum for multi-part file
 - "app/Peacock/resources/mastery/fdb152b536ded6dbb8723e5448dca0b3.prp"
Warning: Could not read back "/tmp/extracted/app/Peacock/resources/mastery/fdb152b536ded6dbb8723e5448dca0b3.prp" to calculate output checksum for multi-part file
 - "app/Peacock/webui/dist/index.html"
Warning: Could not read back "/tmp/extracted/app/Peacock/webui/dist/index.html" to calculate output checksum for multi-part file
 - "app/Peacock/webui/dist/THIRDPARTYNOTICES.txt"
Warning: Could not read back "/tmp/extracted/app/Peacock/webui/dist/THIRDPARTYNOTICES.txt" to calculate output checksum for multi-part file
 - "app/Peacock/webui/dist/assets/index-3_zqFWj_.css"
Warning: Could not read back "/tmp/extracted/app/Peacock/webui/dist/assets/index-3_zqFWj_.css" to calculate output checksum for multi-part file
 - "app/Peacock/webui/dist/assets/index-NtA75SgD.js"
Warning: Could not read back "/tmp/extracted/app/Peacock/webui/dist/assets/index-NtA75SgD.js" to calculate output checksum for multi-part file
 - "app/Retail/Goldberg.dll"
Warning: Could not read back "/tmp/extracted/app/Retail/Goldberg.dll" to calculate output checksum for multi-part file
 - "app/Retail/Launcher.exe"
Warning: Could not read back "/tmp/extracted/app/Retail/Launcher.exe" to calculate output checksum for multi-part file
 - "app/Retail/XInput9_1_0.dll"
Warning: Could not read back "/tmp/extracted/app/Retail/XInput9_1_0.dll" to calculate output checksum for multi-part file
 - "app/Retail/steam_settings/achievements.json"
Warning: Could not read back "/tmp/extracted/app/Retail/steam_settings/achievements.json" to calculate output checksum for multi-part file
 - "app/Retail/steam_settings/branches.json"
Warning: Could not read back "/tmp/extracted/app/Retail/steam_settings/branches.json" to calculate output checksum for multi-part file
 - "app/Retail/steam_settings/configs.app.ini"
Warning: Could not read back "/tmp/extracted/app/Retail/steam_settings/configs.app.ini" to calculate output checksum for multi-part file
 - "app/Retail/steam_settings/depots.txt"
Warning: Could not read back "/tmp/extracted/app/Retail/steam_settings/depots.txt" to calculate output checksum for multi-part file
 - "app/Retail/steam_settings/installed_app_ids.txt"
Warning: Could not read back "/tmp/extracted/app/Retail/steam_settings/installed_app_ids.txt" to calculate output checksum for multi-part file
 - "app/Retail/steam_settings/steam_appid.txt"
Warning: Could not read back "/tmp/extracted/app/Retail/steam_settings/steam_appid.txt" to calculate output checksum for multi-part file
 - "app/Retail/steam_settings/supported_languages.txt"
Warning: Could not read back "/tmp/extracted/app/Retail/steam_settings/supported_languages.txt" to calculate output checksum for multi-part file
 - "app/Retail/steam_settings/ach_images/00330aeece092b995b150209f10a6c10b89f10a6.jpg"
Warning: Could not read back "/tmp/extracted/app/Retail/steam_settings/ach_images/00330aeece092b995b150209f10a6c10b89f10a6.jpg" to calculate output checksum for multi-part file
 - "app/Retail/steam_settings/ach_images/027b8ca39021bad403e8f0c6fab5eec21ae40572.jpg"
Warning: Could not read back "/tmp/extracted/app/Retail/steam_settings/ach_images/027b8ca39021bad403e8f0c6fab5eec21ae40572.jpg" to calculate output checksum for multi-part file
 - "app/Retail/steam_settings/ach_images/078a3d0607a765a2aac0dd74558e905a0c2fd228.jpg"
Warning: Could not read back "/tmp/extracted/app/Retail/steam_settings/ach_images/078a3d0607a765a2aac0dd74558e905a0c2fd228.jpg" to calculate output checksum for multi-part file
 - "app/Retail/steam_settings/ach_images/0d4b275cb337d1d6ec9a926eec5217ff3ebfd83d.jpg"
Warning: Could not read back "/tmp/extracted/app/Retail/steam_settings/ach_images/0d4b275cb337d1d6ec9a926eec5217ff3ebfd83d.jpg" to calculate output checksum for multi-part file
 - "app/Retail/steam_settings/ach_images/149ca765692e1fd42bd8d67d3aa037de62f481a6.jpg"
Warning: Could not read back "/tmp/extracted/app/Retail/steam_settings/ach_images/149ca765692e1fd42bd8d67d3aa037de62f481a6.jpg" to calculate output checksum for multi-part file
 - "app/Retail/steam_settings/ach_images/1764035a59201f1bbfe7f6767319646d1b75c396.jpg"
Warning: Could not read back "/tmp/extracted/app/Retail/steam_settings/ach_images/1764035a59201f1bbfe7f6767319646d1b75c396.jpg" to calculate output checksum for multi-part file
 - "app/Retail/steam_settings/ach_images/195dea011e83dc9b1037a428723913f13073935b.jpg"
Warning: Could not read back "/tmp/extracted/app/Retail/steam_settings/ach_images/195dea011e83dc9b1037a428723913f13073935b.jpg" to calculate output checksum for multi-part file
 - "app/Retail/steam_settings/ach_images/19e7896e11f133f8cad857980faad4e7ad822d77.jpg"
Warning: Could not read back "/tmp/extracted/app/Retail/steam_settings/ach_images/19e7896e11f133f8cad857980faad4e7ad822d77.jpg" to calculate output checksum for multi-part file
 - "app/Retail/steam_settings/ach_images/28a4cd72410a98ccdb34783a0f5278980715ee29.jpg"
Warning: Could not read back "/tmp/extracted/app/Retail/steam_settings/ach_images/28a4cd72410a98ccdb34783a0f5278980715ee29.jpg" to calculate output checksum for multi-part file
 - "app/Retail/steam_settings/ach_images/29c01f660ff8e9cff09ba70d50275df8118260fb.jpg"
Warning: Could not read back "/tmp/extracted/app/Retail/steam_settings/ach_images/29c01f660ff8e9cff09ba70d50275df8118260fb.jpg" to calculate output checksum for multi-part file
 - "app/Retail/steam_settings/ach_images/2f7e4876b0d32bd80028d3b2cf139cfa4c7ed7c1.jpg"
Warning: Could not read back "/tmp/extracted/app/Retail/steam_settings/ach_images/2f7e4876b0d32bd80028d3b2cf139cfa4c7ed7c1.jpg" to calculate output checksum for multi-part file
 - "app/Retail/steam_settings/ach_images/378d97169d8da61a57a464361854bf9456614e2b.jpg"
Warning: Could not read back "/tmp/extracted/app/Retail/steam_settings/ach_images/378d97169d8da61a57a464361854bf9456614e2b.jpg" to calculate output checksum for multi-part file
 - "app/Retail/steam_settings/ach_images/3ebf99c83a1618e247e4ad12b06dad54813db78a.jpg"
Warning: Could not read back "/tmp/extracted/app/Retail/steam_settings/ach_images/3ebf99c83a1618e247e4ad12b06dad54813db78a.jpg" to calculate output checksum for multi-part file
 - "app/Retail/steam_settings/ach_images/3f75a714e5ff8880b58099fe2c5ee931375c8a36.jpg"
Warning: Could not read back "/tmp/extracted/app/Retail/steam_settings/ach_images/3f75a714e5ff8880b58099fe2c5ee931375c8a36.jpg" to calculate output checksum for multi-part file
 - "app/Retail/steam_settings/ach_images/414f5c61e4e9ca7dd61dfdd548323894028647dd.jpg"
Warning: Could not read back "/tmp/extracted/app/Retail/steam_settings/ach_images/414f5c61e4e9ca7dd61dfdd548323894028647dd.jpg" to calculate output checksum for multi-part file
 - "app/Retail/steam_settings/ach_images/41fd11ce2eadcebfa42bd6cb1de0493175304aaa.jpg"
Warning: Could not read back "/tmp/extracted/app/Retail/steam_settings/ach_images/41fd11ce2eadcebfa42bd6cb1de0493175304aaa.jpg" to calculate output checksum for multi-part file
 - "app/Retail/steam_settings/ach_images/47c41c6aec25fa847a7110777287edd62f7e2c07.jpg"
Warning: Could not read back "/tmp/extracted/app/Retail/steam_settings/ach_images/47c41c6aec25fa847a7110777287edd62f7e2c07.jpg" to calculate output checksum for multi-part file
 - "app/Retail/steam_settings/ach_images/499209ba9bfad28a06d4c717f7ab59e832b93aeb.jpg"
Warning: Could not read back "/tmp/extracted/app/Retail/steam_settings/ach_images/499209ba9bfad28a06d4c717f7ab59e832b93aeb.jpg" to calculate output checksum for multi-part file
 - "app/Retail/steam_settings/ach_images/49a85cb375195842e7169a286d9372edc66e125d.jpg"
Warning: Could not read back "/tmp/extracted/app/Retail/steam_settings/ach_images/49a85cb375195842e7169a286d9372edc66e125d.jpg" to calculate output checksum for multi-part file
 - "app/Retail/steam_settings/ach_images/49dd569cc940d2fa473d42c45eeb2bcaf774327b.jpg"
Warning: Could not read back "/tmp/extracted/app/Retail/steam_settings/ach_images/49dd569cc940d2fa473d42c45eeb2bcaf774327b.jpg" to calculate output checksum for multi-part file
 - "app/Retail/steam_settings/ach_images/4a59c20b315b804516665b01961b8831c18b03a1.jpg"
Warning: Could not read back "/tmp/extracted/app/Retail/steam_settings/ach_images/4a59c20b315b804516665b01961b8831c18b03a1.jpg" to calculate output checksum for multi-part file
 - "app/Retail/steam_settings/ach_images/54685e7772ac128458c90b4c6977f57886f75a42.jpg"
Warning: Could not read back "/tmp/extracted/app/Retail/steam_settings/ach_images/54685e7772ac128458c90b4c6977f57886f75a42.jpg" to calculate output checksum for multi-part file
 - "app/Retail/steam_settings/ach_images/57d930a0bc5a98189dca7d3349416a9ca83021c6.jpg"
Warning: Could not read back "/tmp/extracted/app/Retail/steam_settings/ach_images/57d930a0bc5a98189dca7d3349416a9ca83021c6.jpg" to calculate output checksum for multi-part file
 - "app/Retail/steam_settings/ach_images/5acbf28460b040ee340f4c6fb0c7f9b20588c4c6.jpg"
Warning: Could not read back "/tmp/extracted/app/Retail/steam_settings/ach_images/5acbf28460b040ee340f4c6fb0c7f9b20588c4c6.jpg" to calculate output checksum for multi-part file
 - "app/Retail/steam_settings/ach_images/5b7bfd003fc9f84a5a6cd54934cfce42baabe226.jpg"
Warning: Could not read back "/tmp/extracted/app/Retail/steam_settings/ach_images/5b7bfd003fc9f84a5a6cd54934cfce42baabe226.jpg" to calculate output checksum for multi-part file
 - "app/Retail/steam_settings/ach_images/5d36c2778866f2b609ff039c34bbb9cac14077e4.jpg"
Warning: Could not read back "/tmp/extracted/app/Retail/steam_settings/ach_images/5d36c2778866f2b609ff039c34bbb9cac14077e4.jpg" to calculate output checksum for multi-part file
 - "app/Retail/steam_settings/ach_images/60c1c5f794167de2167a5d6024b2ee86b2a6a94c.jpg"
Warning: Could not read back "/tmp/extracted/app/Retail/steam_settings/ach_images/60c1c5f794167de2167a5d6024b2ee86b2a6a94c.jpg" to calculate output checksum for multi-part file
 - "app/Retail/steam_settings/ach_images/60d5c3f4afa2961364c49c06bdd929f94e8e062f.jpg"
Warning: Could not read back "/tmp/extracted/app/Retail/steam_settings/ach_images/60d5c3f4afa2961364c49c06bdd929f94e8e062f.jpg" to calculate output checksum for multi-part file
 - "app/Retail/steam_settings/ach_images/62fc6c65e8b3b220d4154b8971dc6e112bffe016.jpg"
Warning: Could not read back "/tmp/extracted/app/Retail/steam_settings/ach_images/62fc6c65e8b3b220d4154b8971dc6e112bffe016.jpg" to calculate output checksum for multi-part file
 - "app/Retail/steam_settings/ach_images/645e6f6b56afdfb912fcf84c1a62ca97996261e4.jpg"
Warning: Could not read back "/tmp/extracted/app/Retail/steam_settings/ach_images/645e6f6b56afdfb912fcf84c1a62ca97996261e4.jpg" to calculate output checksum for multi-part file
 - "app/Retail/steam_settings/ach_images/6625df3c78e287bee58084b2e61b35645fa32d43.jpg"
Warning: Could not read back "/tmp/extracted/app/Retail/steam_settings/ach_images/6625df3c78e287bee58084b2e61b35645fa32d43.jpg" to calculate output checksum for multi-part file
 - "app/Retail/steam_settings/ach_images/6a36c2bb6e605d218c82eca92b5f0343794594b5.jpg"
Warning: Could not read back "/tmp/extracted/app/Retail/steam_settings/ach_images/6a36c2bb6e605d218c82eca92b5f0343794594b5.jpg" to calculate output checksum for multi-part file
 - "app/Retail/steam_settings/ach_images/6c707e23f346f4f4e34e53a14e8fc50d0a4abf25.jpg"
Warning: Could not read back "/tmp/extracted/app/Retail/steam_settings/ach_images/6c707e23f346f4f4e34e53a14e8fc50d0a4abf25.jpg" to calculate output checksum for multi-part file
 - "app/Retail/steam_settings/ach_images/6c7238a968ded6839b1ddf9ca22325214855e007.jpg"
Warning: Could not read back "/tmp/extracted/app/Retail/steam_settings/ach_images/6c7238a968ded6839b1ddf9ca22325214855e007.jpg" to calculate output checksum for multi-part file
 - "app/Retail/steam_settings/ach_images/6e9e8b6ae5d2b3c3f3f00abb68241c61a93255ed.jpg"
Warning: Could not read back "/tmp/extracted/app/Retail/steam_settings/ach_images/6e9e8b6ae5d2b3c3f3f00abb68241c61a93255ed.jpg" to calculate output checksum for multi-part file
 - "app/Retail/steam_settings/ach_images/72ecf3ff8bac12b487eea710d2ff2c5f0189b812.jpg"
Warning: Could not read back "/tmp/extracted/app/Retail/steam_settings/ach_images/72ecf3ff8bac12b487eea710d2ff2c5f0189b812.jpg" to calculate output checksum for multi-part file
 - "app/Retail/steam_settings/ach_images/73ac3d27850c3c38dd3e32fb857584671d0baa88.jpg"
Warning: Could not read back "/tmp/extracted/app/Retail/steam_settings/ach_images/73ac3d27850c3c38dd3e32fb857584671d0baa88.jpg" to calculate output checksum for multi-part file
 - "app/Retail/steam_settings/ach_images/73c96e8d1d2f32ab9a784ad995c29aab9a86733f.jpg"
Warning: Could not read back "/tmp/extracted/app/Retail/steam_settings/ach_images/73c96e8d1d2f32ab9a784ad995c29aab9a86733f.jpg" to calculate output checksum for multi-part file
 - "app/Retail/steam_settings/ach_images/743457689c5a600f120aef3b4847b423e31136b9.jpg"
Warning: Could not read back "/tmp/extracted/app/Retail/steam_settings/ach_images/743457689c5a600f120aef3b4847b423e31136b9.jpg" to calculate output checksum for multi-part file
 - "app/Retail/steam_settings/ach_images/79c615cd7d3feef4deb072173a36ee546e916615.jpg"
Warning: Could not read back "/tmp/extracted/app/Retail/steam_settings/ach_images/79c615cd7d3feef4deb072173a36ee546e916615.jpg" to calculate output checksum for multi-part file
 - "app/Retail/steam_settings/ach_images/7b36be05337fc79ecd7047de8a4068f8290f3d6b.jpg"
Warning: Could not read back "/tmp/extracted/app/Retail/steam_settings/ach_images/7b36be05337fc79ecd7047de8a4068f8290f3d6b.jpg" to calculate output checksum for multi-part file
 - "app/Retail/steam_settings/ach_images/7cdf906e70ee874a56df293633ce7808b692c956.jpg"
Warning: Could not read back "/tmp/extracted/app/Retail/steam_settings/ach_images/7cdf906e70ee874a56df293633ce7808b692c956.jpg" to calculate output checksum for multi-part file
 - "app/Retail/steam_settings/ach_images/7fb419050c172a98a4de9114973b57f775724d0d.jpg"
Warning: Could not read back "/tmp/extracted/app/Retail/steam_settings/ach_images/7fb419050c172a98a4de9114973b57f775724d0d.jpg" to calculate output checksum for multi-part file
 - "app/Retail/steam_settings/ach_images/80677db1b2e79a6b5115a2f4813e13eb637a85ac.jpg"
Warning: Could not read back "/tmp/extracted/app/Retail/steam_settings/ach_images/80677db1b2e79a6b5115a2f4813e13eb637a85ac.jpg" to calculate output checksum for multi-part file
 - "app/Retail/steam_settings/ach_images/82c4adc31882d19ff3fb6e2a98f8c1c9ecb6203b.jpg"
Warning: Could not read back "/tmp/extracted/app/Retail/steam_settings/ach_images/82c4adc31882d19ff3fb6e2a98f8c1c9ecb6203b.jpg" to calculate output checksum for multi-part file
 - "app/Retail/steam_settings/ach_images/857aec35521590ad3f1b4f9d54b7d1ec7792fa17.jpg"
Warning: Could not read back "/tmp/extracted/app/Retail/steam_settings/ach_images/857aec35521590ad3f1b4f9d54b7d1ec7792fa17.jpg" to calculate output checksum for multi-part file
 - "app/Retail/steam_settings/ach_images/879861b2e1f6f166af1ce036c8d587b66c09f38e.jpg"
Warning: Could not read back "/tmp/extracted/app/Retail/steam_settings/ach_images/879861b2e1f6f166af1ce036c8d587b66c09f38e.jpg" to calculate output checksum for multi-part file
 - "app/Retail/steam_settings/ach_images/8e1277ad0f53be2def24974b2a378e73de89904a.jpg"
Warning: Could not read back "/tmp/extracted/app/Retail/steam_settings/ach_images/8e1277ad0f53be2def24974b2a378e73de89904a.jpg" to calculate output checksum for multi-part file
 - "app/Retail/steam_settings/ach_images/91f15d493a208e4494bab3f59ef2ccfab2109f19.jpg"
Warning: Could not read back "/tmp/extracted/app/Retail/steam_settings/ach_images/91f15d493a208e4494bab3f59ef2ccfab2109f19.jpg" to calculate output checksum for multi-part file
 - "app/Retail/steam_settings/ach_images/969490f2d599908f34c1265d6075c826ae832983.jpg"
Warning: Could not read back "/tmp/extracted/app/Retail/steam_settings/ach_images/969490f2d599908f34c1265d6075c826ae832983.jpg" to calculate output checksum for multi-part file
 - "app/Retail/steam_settings/ach_images/984b7d2052d471f4ea10262bfc428cd4cc1ae871.jpg"
Warning: Could not read back "/tmp/extracted/app/Retail/steam_settings/ach_images/984b7d2052d471f4ea10262bfc428cd4cc1ae871.jpg" to calculate output checksum for multi-part file
 - "app/Retail/steam_settings/ach_images/9bb5740c181c33a9482d720831f3d1efde437f86.jpg"
Warning: Could not read back "/tmp/extracted/app/Retail/steam_settings/ach_images/9bb5740c181c33a9482d720831f3d1efde437f86.jpg" to calculate output checksum for multi-part file
 - "app/Retail/steam_settings/ach_images/9f9f18908f3fbcb674a0d747464b7a3fea434005.jpg"
Warning: Could not read back "/tmp/extracted/app/Retail/steam_settings/ach_images/9f9f18908f3fbcb674a0d747464b7a3fea434005.jpg" to calculate output checksum for multi-part file
 - "app/Retail/steam_settings/ach_images/9ff7f834780aed1bf995088b447b80b4678aa374.jpg"
Warning: Could not read back "/tmp/extracted/app/Retail/steam_settings/ach_images/9ff7f834780aed1bf995088b447b80b4678aa374.jpg" to calculate output checksum for multi-part file
 - "app/Retail/steam_settings/ach_images/a19b12fc8936ae6c0b9fefc4d266f86fc4085482.jpg"
Warning: Could not read back "/tmp/extracted/app/Retail/steam_settings/ach_images/a19b12fc8936ae6c0b9fefc4d266f86fc4085482.jpg" to calculate output checksum for multi-part file
 - "app/Retail/steam_settings/ach_images/a43a5f19262e7deba2a3ef18ff8d4f878223c7a0.jpg"
Warning: Could not read back "/tmp/extracted/app/Retail/steam_settings/ach_images/a43a5f19262e7deba2a3ef18ff8d4f878223c7a0.jpg" to calculate output checksum for multi-part file
 - "app/Retail/steam_settings/ach_images/a5f771b2f40182d6897a5e84f7cf4e1f524b5416.jpg"
Warning: Could not read back "/tmp/extracted/app/Retail/steam_settings/ach_images/a5f771b2f40182d6897a5e84f7cf4e1f524b5416.jpg" to calculate output checksum for multi-part file
 - "app/Retail/steam_settings/ach_images/a75881fb0dc207cc04b4ad33a88d5f9ca29d6c13.jpg"
Warning: Could not read back "/tmp/extracted/app/Retail/steam_settings/ach_images/a75881fb0dc207cc04b4ad33a88d5f9ca29d6c13.jpg" to calculate output checksum for multi-part file
 - "app/Retail/steam_settings/ach_images/aa810af056dc607eadd89de9dce0250d4d03c2c1.jpg"
Warning: Could not read back "/tmp/extracted/app/Retail/steam_settings/ach_images/aa810af056dc607eadd89de9dce0250d4d03c2c1.jpg" to calculate output checksum for multi-part file
 - "app/Retail/steam_settings/ach_images/b8e2bd60943133a10311176e07482fea60f82cde.jpg"
Warning: Could not read back "/tmp/extracted/app/Retail/steam_settings/ach_images/b8e2bd60943133a10311176e07482fea60f82cde.jpg" to calculate output checksum for multi-part file
 - "app/Retail/steam_settings/ach_images/b98223f80f2b12710cba6649ab19a04596228c95.jpg"
Warning: Could not read back "/tmp/extracted/app/Retail/steam_settings/ach_images/b98223f80f2b12710cba6649ab19a04596228c95.jpg" to calculate output checksum for multi-part file
 - "app/Retail/steam_settings/ach_images/bb7a2d332e55fd1a025f0912627fd8c29939f002.jpg"
Warning: Could not read back "/tmp/extracted/app/Retail/steam_settings/ach_images/bb7a2d332e55fd1a025f0912627fd8c29939f002.jpg" to calculate output checksum for multi-part file
 - "app/Retail/steam_settings/ach_images/bc36c454d24521660273cce27fbba8212ae00103.jpg"
Warning: Could not read back "/tmp/extracted/app/Retail/steam_settings/ach_images/bc36c454d24521660273cce27fbba8212ae00103.jpg" to calculate output checksum for multi-part file
 - "app/Retail/steam_settings/ach_images/bce2972aede38a07d638f9b8a17f4ca71f7c36c8.jpg"
Warning: Could not read back "/tmp/extracted/app/Retail/steam_settings/ach_images/bce2972aede38a07d638f9b8a17f4ca71f7c36c8.jpg" to calculate output checksum for multi-part file
 - "app/Retail/steam_settings/ach_images/c1f54e761b5d3ce22af14e50e9e29c027bfa0293.jpg"
Warning: Could not read back "/tmp/extracted/app/Retail/steam_settings/ach_images/c1f54e761b5d3ce22af14e50e9e29c027bfa0293.jpg" to calculate output checksum for multi-part file
 - "app/Retail/steam_settings/ach_images/c2d2d1b11d558e603b4fb9a3264cbbdaee99b374.jpg"
Warning: Could not read back "/tmp/extracted/app/Retail/steam_settings/ach_images/c2d2d1b11d558e603b4fb9a3264cbbdaee99b374.jpg" to calculate output checksum for multi-part file
 - "app/Retail/steam_settings/ach_images/cb2cae561c6b8066e8fb1905564cdf7f290f0d82.jpg"
Warning: Could not read back "/tmp/extracted/app/Retail/steam_settings/ach_images/cb2cae561c6b8066e8fb1905564cdf7f290f0d82.jpg" to calculate output checksum for multi-part file
 - "app/Retail/steam_settings/ach_images/d01af1e58771ee0783b6673f754ecdb65badb804.jpg"
Warning: Could not read back "/tmp/extracted/app/Retail/steam_settings/ach_images/d01af1e58771ee0783b6673f754ecdb65badb804.jpg" to calculate output checksum for multi-part file
 - "app/Retail/steam_settings/ach_images/d02c4a99221dcbc20dc179ba853961252edbba9d.jpg"
Warning: Could not read back "/tmp/extracted/app/Retail/steam_settings/ach_images/d02c4a99221dcbc20dc179ba853961252edbba9d.jpg" to calculate output checksum for multi-part file
 - "app/Retail/steam_settings/ach_images/d12edd2d767ecea5557f695ebf65e2b6e80dcbaf.jpg"
Warning: Could not read back "/tmp/extracted/app/Retail/steam_settings/ach_images/d12edd2d767ecea5557f695ebf65e2b6e80dcbaf.jpg" to calculate output checksum for multi-part file
 - "app/Retail/steam_settings/ach_images/d1a541d0665d226d313d7f47fbeadaf41575c3d4.jpg"
Warning: Could not read back "/tmp/extracted/app/Retail/steam_settings/ach_images/d1a541d0665d226d313d7f47fbeadaf41575c3d4.jpg" to calculate output checksum for multi-part file
 - "app/Retail/steam_settings/ach_images/d2cb371b73c0e72a0903fbe06c0c71d5ed4411e1.jpg"
Warning: Could not read back "/tmp/extracted/app/Retail/steam_settings/ach_images/d2cb371b73c0e72a0903fbe06c0c71d5ed4411e1.jpg" to calculate output checksum for multi-part file
 - "app/Retail/steam_settings/ach_images/d3d115ccba6dee621333bcf5aef87aa2958752fc.jpg"
Warning: Could not read back "/tmp/extracted/app/Retail/steam_settings/ach_images/d3d115ccba6dee621333bcf5aef87aa2958752fc.jpg" to calculate output checksum for multi-part file
 - "app/Retail/steam_settings/ach_images/d8b8ef27369b07e99c99dff372b9c18d480292ff.jpg"
Warning: Could not read back "/tmp/extracted/app/Retail/steam_settings/ach_images/d8b8ef27369b07e99c99dff372b9c18d480292ff.jpg" to calculate output checksum for multi-part file
 - "app/Retail/steam_settings/ach_images/d96de512c20ddeb5b301134718e9379b8494099b.jpg"
Warning: Could not read back "/tmp/extracted/app/Retail/steam_settings/ach_images/d96de512c20ddeb5b301134718e9379b8494099b.jpg" to calculate output checksum for multi-part file
 - "app/Retail/steam_settings/ach_images/e21c07943f9da3e034f868a0385b0f317c63b52a.jpg"
Warning: Could not read back "/tmp/extracted/app/Retail/steam_settings/ach_images/e21c07943f9da3e034f868a0385b0f317c63b52a.jpg" to calculate output checksum for multi-part file
 - "app/Retail/steam_settings/ach_images/e41ae05fceaaf24d98972672bdb25bed88bf409a.jpg"
Warning: Could not read back "/tmp/extracted/app/Retail/steam_settings/ach_images/e41ae05fceaaf24d98972672bdb25bed88bf409a.jpg" to calculate output checksum for multi-part file
 - "app/Retail/steam_settings/ach_images/e4b3965bb5fc58ff73fb2f03f69bfd72b73ae8ad.jpg"
Warning: Could not read back "/tmp/extracted/app/Retail/steam_settings/ach_images/e4b3965bb5fc58ff73fb2f03f69bfd72b73ae8ad.jpg" to calculate output checksum for multi-part file
 - "app/Retail/steam_settings/ach_images/eed0364226d5d957012480a7079ec6edff5a3bed.jpg"
Warning: Could not read back "/tmp/extracted/app/Retail/steam_settings/ach_images/eed0364226d5d957012480a7079ec6edff5a3bed.jpg" to calculate output checksum for multi-part file
 - "app/Retail/steam_settings/ach_images/f0f7273012ef03b398927a633e4d64c59fbdfb79.jpg"
Warning: Could not read back "/tmp/extracted/app/Retail/steam_settings/ach_images/f0f7273012ef03b398927a633e4d64c59fbdfb79.jpg" to calculate output checksum for multi-part file
 - "app/Retail/steam_settings/ach_images/f1acdc389bb20a1e309f9f0f0d5b9e32f3fd8099.jpg"
Warning: Could not read back "/tmp/extracted/app/Retail/steam_settings/ach_images/f1acdc389bb20a1e309f9f0f0d5b9e32f3fd8099.jpg" to calculate output checksum for multi-part file
 - "app/Retail/steam_settings/ach_images/f1f34a9b4a6bc1deecde98600e03719b59fbfd32.jpg"
Warning: Could not read back "/tmp/extracted/app/Retail/steam_settings/ach_images/f1f34a9b4a6bc1deecde98600e03719b59fbfd32.jpg" to calculate output checksum for multi-part file
 - "app/Retail/steam_settings/ach_images/f734b20e72ffd11d1110b74bc1b1af015bea8d34.jpg"
Warning: Could not read back "/tmp/extracted/app/Retail/steam_settings/ach_images/f734b20e72ffd11d1110b74bc1b1af015bea8d34.jpg" to calculate output checksum for multi-part file
 - "app/Retail/steam_settings/ach_images/locked/02aa32dfb5455a165c5ebb3dafe1e091eb44e5e7.jpg"
Warning: Could not read back "/tmp/extracted/app/Retail/steam_settings/ach_images/locked/02aa32dfb5455a165c5ebb3dafe1e091eb44e5e7.jpg" to calculate output checksum for multi-part file
 - "app/Retail/steam_settings/ach_images/locked/02c175d03ed8e312a68faf74f549f38ee9e279ce.jpg"
Warning: Could not read back "/tmp/extracted/app/Retail/steam_settings/ach_images/locked/02c175d03ed8e312a68faf74f549f38ee9e279ce.jpg" to calculate output checksum for multi-part file
 - "app/Retail/steam_settings/ach_images/locked/0355b48d754a3f70330f9f956d86ab5366322993.jpg"
Warning: Could not read back "/tmp/extracted/app/Retail/steam_settings/ach_images/locked/0355b48d754a3f70330f9f956d86ab5366322993.jpg" to calculate output checksum for multi-part file
 - "app/Retail/steam_settings/ach_images/locked/0392a31a19f74abd264393e40a5a3587e3b5e7a3.jpg"
Warning: Could not read back "/tmp/extracted/app/Retail/steam_settings/ach_images/locked/0392a31a19f74abd264393e40a5a3587e3b5e7a3.jpg" to calculate output checksum for multi-part file
 - "app/Retail/steam_settings/ach_images/locked/0a1e9d50b3f2a35a40c81d5e31083f3c199e6047.jpg"
Warning: Could not read back "/tmp/extracted/app/Retail/steam_settings/ach_images/locked/0a1e9d50b3f2a35a40c81d5e31083f3c199e6047.jpg" to calculate output checksum for multi-part file
 - "app/Retail/steam_settings/ach_images/locked/0a2af2719f7d270a49d8b351cc09ee568554956c.jpg"
Warning: Could not read back "/tmp/extracted/app/Retail/steam_settings/ach_images/locked/0a2af2719f7d270a49d8b351cc09ee568554956c.jpg" to calculate output checksum for multi-part file
 - "app/Retail/steam_settings/ach_images/locked/0f86b561a52ff9265e4fadadd580978dec17bd13.jpg"
Warning: Could not read back "/tmp/extracted/app/Retail/steam_settings/ach_images/locked/0f86b561a52ff9265e4fadadd580978dec17bd13.jpg" to calculate output checksum for multi-part file
 - "app/Retail/steam_settings/ach_images/locked/0fd3a1cbd9340833fbe7b479215ec0b4a2f9c3be.jpg"
Warning: Could not read back "/tmp/extracted/app/Retail/steam_settings/ach_images/locked/0fd3a1cbd9340833fbe7b479215ec0b4a2f9c3be.jpg" to calculate output checksum for multi-part file
 - "app/Retail/steam_settings/ach_images/locked/11b9eba530ce8418335a9d2ec6127926ac1a21ec.jpg"
Warning: Could not read back "/tmp/extracted/app/Retail/steam_settings/ach_images/locked/11b9eba530ce8418335a9d2ec6127926ac1a21ec.jpg" to calculate output checksum for multi-part file
 - "app/Retail/steam_settings/ach_images/locked/144bca325cd31273557e3eab04a51531f065385a.jpg"
Warning: Could not read back "/tmp/extracted/app/Retail/steam_settings/ach_images/locked/144bca325cd31273557e3eab04a51531f065385a.jpg" to calculate output checksum for multi-part file
 - "app/Retail/steam_settings/ach_images/locked/1513a3e431f382ded97e10317c659a7e1173a5af.jpg"
Warning: Could not read back "/tmp/extracted/app/Retail/steam_settings/ach_images/locked/1513a3e431f382ded97e10317c659a7e1173a5af.jpg" to calculate output checksum for multi-part file
 - "app/Retail/steam_settings/ach_images/locked/17a982709dbb15b6d4272c5026831289ff1def56.jpg"
Warning: Could not read back "/tmp/extracted/app/Retail/steam_settings/ach_images/locked/17a982709dbb15b6d4272c5026831289ff1def56.jpg" to calculate output checksum for multi-part file
 - "app/Retail/steam_settings/ach_images/locked/1bc0496eccca23c055c5a70a24e403a96861b956.jpg"
Warning: Could not read back "/tmp/extracted/app/Retail/steam_settings/ach_images/locked/1bc0496eccca23c055c5a70a24e403a96861b956.jpg" to calculate output checksum for multi-part file
 - "app/Retail/steam_settings/ach_images/locked/1d433f5c9c620ae857bdda7c5966660cd1011699.jpg"
Warning: Could not read back "/tmp/extracted/app/Retail/steam_settings/ach_images/locked/1d433f5c9c620ae857bdda7c5966660cd1011699.jpg" to calculate output checksum for multi-part file
 - "app/Retail/steam_settings/ach_images/locked/1e331b2cdf66853e4f4de402cea7453c2786c5dc.jpg"
Warning: Could not read back "/tmp/extracted/app/Retail/steam_settings/ach_images/locked/1e331b2cdf66853e4f4de402cea7453c2786c5dc.jpg" to calculate output checksum for multi-part file
 - "app/Retail/steam_settings/ach_images/locked/2156e72e390bf8a06f26571e2d1ff64bcbdc5fc2.jpg"
Warning: Could not read back "/tmp/extracted/app/Retail/steam_settings/ach_images/locked/2156e72e390bf8a06f26571e2d1ff64bcbdc5fc2.jpg" to calculate output checksum for multi-part file
 - "app/Retail/steam_settings/ach_images/locked/215bdf59b3a6657a2e36f474bbd0591152b5d2ea.jpg"
Warning: Could not read back "/tmp/extracted/app/Retail/steam_settings/ach_images/locked/215bdf59b3a6657a2e36f474bbd0591152b5d2ea.jpg" to calculate output checksum for multi-part file
 - "app/Retail/steam_settings/ach_images/locked/25470aeccbfd2d5cc291a989f59c03943edb64f4.jpg"
Warning: Could not read back "/tmp/extracted/app/Retail/steam_settings/ach_images/locked/25470aeccbfd2d5cc291a989f59c03943edb64f4.jpg" to calculate output checksum for multi-part file
 - "app/Retail/steam_settings/ach_images/locked/2b227c457ef66e05e9856bdc99b7e4e8679dcdcc.jpg"
Warning: Could not read back "/tmp/extracted/app/Retail/steam_settings/ach_images/locked/2b227c457ef66e05e9856bdc99b7e4e8679dcdcc.jpg" to calculate output checksum for multi-part file
 - "app/Retail/steam_settings/ach_images/locked/2db77fe7794b358d632eca0899ecc1a27948ac9e.jpg"
Warning: Could not read back "/tmp/extracted/app/Retail/steam_settings/ach_images/locked/2db77fe7794b358d632eca0899ecc1a27948ac9e.jpg" to calculate output checksum for multi-part file
 - "app/Retail/steam_settings/ach_images/locked/3400e4adc7e68a1725ed337b2184d93134f22d21.jpg"
Warning: Could not read back "/tmp/extracted/app/Retail/steam_settings/ach_images/locked/3400e4adc7e68a1725ed337b2184d93134f22d21.jpg" to calculate output checksum for multi-part file
 - "app/Retail/steam_settings/ach_images/locked/400fc42864b2a9924ba9e800c830379dc4d7e747.jpg"
Warning: Could not read back "/tmp/extracted/app/Retail/steam_settings/ach_images/locked/400fc42864b2a9924ba9e800c830379dc4d7e747.jpg" to calculate output checksum for multi-part file
 - "app/Retail/steam_settings/ach_images/locked/41e86c8811eb78cf4a3ffeda6c8d8c657af7b788.jpg"
Warning: Could not read back "/tmp/extracted/app/Retail/steam_settings/ach_images/locked/41e86c8811eb78cf4a3ffeda6c8d8c657af7b788.jpg" to calculate output checksum for multi-part file
 - "app/Retail/steam_settings/ach_images/locked/481ec0cef1f53fa872c24318d38b08c8c3e821d8.jpg"
Warning: Could not read back "/tmp/extracted/app/Retail/steam_settings/ach_images/locked/481ec0cef1f53fa872c24318d38b08c8c3e821d8.jpg" to calculate output checksum for multi-part file
 - "app/Retail/steam_settings/ach_images/locked/492ee178f09928546cb01592d17f0eff5814e889.jpg"
Warning: Could not read back "/tmp/extracted/app/Retail/steam_settings/ach_images/locked/492ee178f09928546cb01592d17f0eff5814e889.jpg" to calculate output checksum for multi-part file
 - "app/Retail/steam_settings/ach_images/locked/4cf2fb88d1683e761f23c6199cca5e8ac4fccfa7.jpg"
Warning: Could not read back "/tmp/extracted/app/Retail/steam_settings/ach_images/locked/4cf2fb88d1683e761f23c6199cca5e8ac4fccfa7.jpg" to calculate output checksum for multi-part file
 - "app/Retail/steam_settings/ach_images/locked/4f4d5d918657b633afdcc3859bf177fd18b854c2.jpg"
Warning: Could not read back "/tmp/extracted/app/Retail/steam_settings/ach_images/locked/4f4d5d918657b633afdcc3859bf177fd18b854c2.jpg" to calculate output checksum for multi-part file
 - "app/Retail/steam_settings/ach_images/locked/4fe185e634dcbc66ce96ea0245a72f05ab92b6e5.jpg"
Warning: Could not read back "/tmp/extracted/app/Retail/steam_settings/ach_images/locked/4fe185e634dcbc66ce96ea0245a72f05ab92b6e5.jpg" to calculate output checksum for multi-part file
 - "app/Retail/steam_settings/ach_images/locked/510ba51e2c3c12c83818fe1a370793614c92628d.jpg"
Warning: Could not read back "/tmp/extracted/app/Retail/steam_settings/ach_images/locked/510ba51e2c3c12c83818fe1a370793614c92628d.jpg" to calculate output checksum for multi-part file
 - "app/Retail/steam_settings/ach_images/locked/526e95b67b496c770999d8f1fb069d55ff2c79a6.jpg"
Warning: Could not read back "/tmp/extracted/app/Retail/steam_settings/ach_images/locked/526e95b67b496c770999d8f1fb069d55ff2c79a6.jpg" to calculate output checksum for multi-part file
 - "app/Retail/steam_settings/ach_images/locked/52b9364e4d9be82d6634e4b0f0163898fa4620a1.jpg"
Warning: Could not read back "/tmp/extracted/app/Retail/steam_settings/ach_images/locked/52b9364e4d9be82d6634e4b0f0163898fa4620a1.jpg" to calculate output checksum for multi-part file
 - "app/Retail/steam_settings/ach_images/locked/52fd12fc6f560975ad11d65843dd2827f90a64c5.jpg"
Warning: Could not read back "/tmp/extracted/app/Retail/steam_settings/ach_images/locked/52fd12fc6f560975ad11d65843dd2827f90a64c5.jpg" to calculate output checksum for multi-part file
 - "app/Retail/steam_settings/ach_images/locked/54c6fc00effc82d34ec1dadcf783d5b1b25a6811.jpg"
Warning: Could not read back "/tmp/extracted/app/Retail/steam_settings/ach_images/locked/54c6fc00effc82d34ec1dadcf783d5b1b25a6811.jpg" to calculate output checksum for multi-part file
 - "app/Retail/steam_settings/ach_images/locked/56879be3ed35de0a553a529e8ed1cf0a3e199e5b.jpg"
Warning: Could not read back "/tmp/extracted/app/Retail/steam_settings/ach_images/locked/56879be3ed35de0a553a529e8ed1cf0a3e199e5b.jpg" to calculate output checksum for multi-part file
 - "app/Retail/steam_settings/ach_images/locked/580cb311d27ce7615954e762fa78e8204c152dc6.jpg"
Warning: Could not read back "/tmp/extracted/app/Retail/steam_settings/ach_images/locked/580cb311d27ce7615954e762fa78e8204c152dc6.jpg" to calculate output checksum for multi-part file
 - "app/Retail/steam_settings/ach_images/locked/58e7ef9b1dae2f8d6190cac482a148827ab43ad9.jpg"
Warning: Could not read back "/tmp/extracted/app/Retail/steam_settings/ach_images/locked/58e7ef9b1dae2f8d6190cac482a148827ab43ad9.jpg" to calculate output checksum for multi-part file
 - "app/Retail/steam_settings/ach_images/locked/5a365ad3872610b344ce92d2473395f4b77e6c34.jpg"
Warning: Could not read back "/tmp/extracted/app/Retail/steam_settings/ach_images/locked/5a365ad3872610b344ce92d2473395f4b77e6c34.jpg" to calculate output checksum for multi-part file
 - "app/Retail/steam_settings/ach_images/locked/5cb9e03b725914615ec107c0fcd6035477a9c9be.jpg"
Warning: Could not read back "/tmp/extracted/app/Retail/steam_settings/ach_images/locked/5cb9e03b725914615ec107c0fcd6035477a9c9be.jpg" to calculate output checksum for multi-part file
 - "app/Retail/steam_settings/ach_images/locked/5f4fd59e30997611333b76e35b7706bcefb53134.jpg"
Warning: Could not read back "/tmp/extracted/app/Retail/steam_settings/ach_images/locked/5f4fd59e30997611333b76e35b7706bcefb53134.jpg" to calculate output checksum for multi-part file
 - "app/Retail/steam_settings/ach_images/locked/616fb129b282a927bbded46f31fe5e275617904c.jpg"
Warning: Could not read back "/tmp/extracted/app/Retail/steam_settings/ach_images/locked/616fb129b282a927bbded46f31fe5e275617904c.jpg" to calculate output checksum for multi-part file
 - "app/Retail/steam_settings/ach_images/locked/63208155cad76d7b9d20fddb9e17a632b9060885.jpg"
Warning: Could not read back "/tmp/extracted/app/Retail/steam_settings/ach_images/locked/63208155cad76d7b9d20fddb9e17a632b9060885.jpg" to calculate output checksum for multi-part file
 - "app/Retail/steam_settings/ach_images/locked/66b8a6e1ebbbcfee881f47d0f9ea93ae6d50d61e.jpg"
Warning: Could not read back "/tmp/extracted/app/Retail/steam_settings/ach_images/locked/66b8a6e1ebbbcfee881f47d0f9ea93ae6d50d61e.jpg" to calculate output checksum for multi-part file
 - "app/Retail/steam_settings/ach_images/locked/6dd82ca524cc542af912dc7a04f31ce461df4119.jpg"
Warning: Could not read back "/tmp/extracted/app/Retail/steam_settings/ach_images/locked/6dd82ca524cc542af912dc7a04f31ce461df4119.jpg" to calculate output checksum for multi-part file
 - "app/Retail/steam_settings/ach_images/locked/6f4731128113959b5415a9a7f1dc0004f1ea4254.jpg"
Warning: Could not read back "/tmp/extracted/app/Retail/steam_settings/ach_images/locked/6f4731128113959b5415a9a7f1dc0004f1ea4254.jpg" to calculate output checksum for multi-part file
 - "app/Retail/steam_settings/ach_images/locked/76f946608dff1bf5e5ea97ffce9407f2ece23602.jpg"
Warning: Could not read back "/tmp/extracted/app/Retail/steam_settings/ach_images/locked/76f946608dff1bf5e5ea97ffce9407f2ece23602.jpg" to calculate output checksum for multi-part file
 - "app/Retail/steam_settings/ach_images/locked/77961cf109a0fbd2d194f4a172bd1713dc24c4c3.jpg"
Warning: Could not read back "/tmp/extracted/app/Retail/steam_settings/ach_images/locked/77961cf109a0fbd2d194f4a172bd1713dc24c4c3.jpg" to calculate output checksum for multi-part file
 - "app/Retail/steam_settings/ach_images/locked/78857f3464073f21b94079c442434593ab6806df.jpg"
Warning: Could not read back "/tmp/extracted/app/Retail/steam_settings/ach_images/locked/78857f3464073f21b94079c442434593ab6806df.jpg" to calculate output checksum for multi-part file
 - "app/Retail/steam_settings/ach_images/locked/79f76678c22b4ddd2a608d765e646789230c855b.jpg"
Warning: Could not read back "/tmp/extracted/app/Retail/steam_settings/ach_images/locked/79f76678c22b4ddd2a608d765e646789230c855b.jpg" to calculate output checksum for multi-part file
 - "app/Retail/steam_settings/ach_images/locked/7af5b22998196f6dafe9b83bfc39d018d9158383.jpg"
Warning: Could not read back "/tmp/extracted/app/Retail/steam_settings/ach_images/locked/7af5b22998196f6dafe9b83bfc39d018d9158383.jpg" to calculate output checksum for multi-part file
 - "app/Retail/steam_settings/ach_images/locked/7b3e1e48103f64824a4082301161ab0cde419ade.jpg"
Warning: Could not read back "/tmp/extracted/app/Retail/steam_settings/ach_images/locked/7b3e1e48103f64824a4082301161ab0cde419ade.jpg" to calculate output checksum for multi-part file
 - "app/Retail/steam_settings/ach_images/locked/7d3ba86ae5ffd818e3eb581e18e114e9baddc769.jpg"
Warning: Could not read back "/tmp/extracted/app/Retail/steam_settings/ach_images/locked/7d3ba86ae5ffd818e3eb581e18e114e9baddc769.jpg" to calculate output checksum for multi-part file
 - "app/Retail/steam_settings/ach_images/locked/81a4b088072c0c6ba83ab041901d67809f0f8a0d.jpg"
Warning: Could not read back "/tmp/extracted/app/Retail/steam_settings/ach_images/locked/81a4b088072c0c6ba83ab041901d67809f0f8a0d.jpg" to calculate output checksum for multi-part file
 - "app/Retail/steam_settings/ach_images/locked/8c5e79b5b086c1234ede7811c13ef65586a389db.jpg"
Warning: Could not read back "/tmp/extracted/app/Retail/steam_settings/ach_images/locked/8c5e79b5b086c1234ede7811c13ef65586a389db.jpg" to calculate output checksum for multi-part file
 - "app/Retail/steam_settings/ach_images/locked/8cbbd401afcb6b05325d7d562dbdeddc56d8cebd.jpg"
Warning: Could not read back "/tmp/extracted/app/Retail/steam_settings/ach_images/locked/8cbbd401afcb6b05325d7d562dbdeddc56d8cebd.jpg" to calculate output checksum for multi-part file
 - "app/Retail/steam_settings/ach_images/locked/8d26a2c525a11b12ea6e78e4ba6a3de82df855c8.jpg"
Warning: Could not read back "/tmp/extracted/app/Retail/steam_settings/ach_images/locked/8d26a2c525a11b12ea6e78e4ba6a3de82df855c8.jpg" to calculate output checksum for multi-part file
 - "app/Retail/steam_settings/ach_images/locked/8fc7ea4a9b3cc4dc1995a8996349e4c13f288916.jpg"
Warning: Could not read back "/tmp/extracted/app/Retail/steam_settings/ach_images/locked/8fc7ea4a9b3cc4dc1995a8996349e4c13f288916.jpg" to calculate output checksum for multi-part file
 - "app/Retail/steam_settings/ach_images/locked/9365078443e233999d6678b99d2b52e397d1fbc0.jpg"
Warning: Could not read back "/tmp/extracted/app/Retail/steam_settings/ach_images/locked/9365078443e233999d6678b99d2b52e397d1fbc0.jpg" to calculate output checksum for multi-part file
 - "app/Retail/steam_settings/ach_images/locked/9497322b27a574b27339ba9ee4b2abafec186e05.jpg"
Warning: Could not read back "/tmp/extracted/app/Retail/steam_settings/ach_images/locked/9497322b27a574b27339ba9ee4b2abafec186e05.jpg" to calculate output checksum for multi-part file
 - "app/Retail/steam_settings/ach_images/locked/9a16ff8bce9c52523160afb5113e2c198cf3a5d2.jpg"
Warning: Could not read back "/tmp/extracted/app/Retail/steam_settings/ach_images/locked/9a16ff8bce9c52523160afb5113e2c198cf3a5d2.jpg" to calculate output checksum for multi-part file
 - "app/Retail/steam_settings/ach_images/locked/9a3b2db73b8031dfc2cbc2c1119efe975cba86bb.jpg"
Warning: Could not read back "/tmp/extracted/app/Retail/steam_settings/ach_images/locked/9a3b2db73b8031dfc2cbc2c1119efe975cba86bb.jpg" to calculate output checksum for multi-part file
 - "app/Retail/steam_settings/ach_images/locked/9edf2bf5af63be006c5e9728c59d2b7b59d59eab.jpg"
Warning: Could not read back "/tmp/extracted/app/Retail/steam_settings/ach_images/locked/9edf2bf5af63be006c5e9728c59d2b7b59d59eab.jpg" to calculate output checksum for multi-part file
 - "app/Retail/steam_settings/ach_images/locked/a8f36e901ec68429a0b24610056c4a2b9027d2c4.jpg"
Warning: Could not read back "/tmp/extracted/app/Retail/steam_settings/ach_images/locked/a8f36e901ec68429a0b24610056c4a2b9027d2c4.jpg" to calculate output checksum for multi-part file
 - "app/Retail/steam_settings/ach_images/locked/acccb5e509654a290a2dc39b3555e440b960a598.jpg"
Warning: Could not read back "/tmp/extracted/app/Retail/steam_settings/ach_images/locked/acccb5e509654a290a2dc39b3555e440b960a598.jpg" to calculate output checksum for multi-part file
 - "app/Retail/steam_settings/ach_images/locked/afeb3f4027644a48c2e1115e72d534a9571a8f64.jpg"
Warning: Could not read back "/tmp/extracted/app/Retail/steam_settings/ach_images/locked/afeb3f4027644a48c2e1115e72d534a9571a8f64.jpg" to calculate output checksum for multi-part file
 - "app/Retail/steam_settings/ach_images/locked/b46e3b11d5247b775df746ee5613857904f58a3b.jpg"
Warning: Could not read back "/tmp/extracted/app/Retail/steam_settings/ach_images/locked/b46e3b11d5247b775df746ee5613857904f58a3b.jpg" to calculate output checksum for multi-part file
 - "app/Retail/steam_settings/ach_images/locked/bc9fb7c5f11e1eba96ba0dab8d90653548300d5b.jpg"
Warning: Could not read back "/tmp/extracted/app/Retail/steam_settings/ach_images/locked/bc9fb7c5f11e1eba96ba0dab8d90653548300d5b.jpg" to calculate output checksum for multi-part file
 - "app/Retail/steam_settings/ach_images/locked/bdacbf08ce8ff2020167650556a1a3f870e6d7e8.jpg"
Warning: Could not read back "/tmp/extracted/app/Retail/steam_settings/ach_images/locked/bdacbf08ce8ff2020167650556a1a3f870e6d7e8.jpg" to calculate output checksum for multi-part file
 - "app/Retail/steam_settings/ach_images/locked/c1e8b1b5355edd57ba1e11fe14e79fe8d631663a.jpg"
Warning: Could not read back "/tmp/extracted/app/Retail/steam_settings/ach_images/locked/c1e8b1b5355edd57ba1e11fe14e79fe8d631663a.jpg" to calculate output checksum for multi-part file
 - "app/Retail/steam_settings/ach_images/locked/c71468ba6b208a3b9ef4bb1a34a0d9c2aee93926.jpg"
Warning: Could not read back "/tmp/extracted/app/Retail/steam_settings/ach_images/locked/c71468ba6b208a3b9ef4bb1a34a0d9c2aee93926.jpg" to calculate output checksum for multi-part file
 - "app/Retail/steam_settings/ach_images/locked/c937689ef367c497a1edf18997f70585028a1aa0.jpg"
Warning: Could not read back "/tmp/extracted/app/Retail/steam_settings/ach_images/locked/c937689ef367c497a1edf18997f70585028a1aa0.jpg" to calculate output checksum for multi-part file
 - "app/Retail/steam_settings/ach_images/locked/ca6d47f156beb56f888d315740fc929408f1df5e.jpg"
Warning: Could not read back "/tmp/extracted/app/Retail/steam_settings/ach_images/locked/ca6d47f156beb56f888d315740fc929408f1df5e.jpg" to calculate output checksum for multi-part file
 - "app/Retail/steam_settings/ach_images/locked/cf08ede9ed6361e23e99b067bfb66d4e2a8d7033.jpg"
Warning: Could not read back "/tmp/extracted/app/Retail/steam_settings/ach_images/locked/cf08ede9ed6361e23e99b067bfb66d4e2a8d7033.jpg" to calculate output checksum for multi-part file
 - "app/Retail/steam_settings/ach_images/locked/da3d6ee68907e57ae3eb4514ea82ba454d45d70d.jpg"
Warning: Could not read back "/tmp/extracted/app/Retail/steam_settings/ach_images/locked/da3d6ee68907e57ae3eb4514ea82ba454d45d70d.jpg" to calculate output checksum for multi-part file
 - "app/Retail/steam_settings/ach_images/locked/db6711d5cdea2aa6d5a7445fd2b6c66ab3127269.jpg"
Warning: Could not read back "/tmp/extracted/app/Retail/steam_settings/ach_images/locked/db6711d5cdea2aa6d5a7445fd2b6c66ab3127269.jpg" to calculate output checksum for multi-part file
 - "app/Retail/steam_settings/ach_images/locked/e1d1c62ee271b95c5cfebc38311300d6a14e676b.jpg"
Warning: Could not read back "/tmp/extracted/app/Retail/steam_settings/ach_images/locked/e1d1c62ee271b95c5cfebc38311300d6a14e676b.jpg" to calculate output checksum for multi-part file
 - "app/Retail/steam_settings/ach_images/locked/e376eb9ff6363f969258f26b5ec30414938ad908.jpg"
Warning: Could not read back "/tmp/extracted/app/Retail/steam_settings/ach_images/locked/e376eb9ff6363f969258f26b5ec30414938ad908.jpg" to calculate output checksum for multi-part file
 - "app/Retail/steam_settings/ach_images/locked/efaf1cba1f13aa90c905ea688e927d3605378ead.jpg"
Warning: Could not read back "/tmp/extracted/app/Retail/steam_settings/ach_images/locked/efaf1cba1f13aa90c905ea688e927d3605378ead.jpg" to calculate output checksum for multi-part file
 - "app/Retail/steam_settings/ach_images/locked/f0ce51f80c56c586ed10cdd2bd410fbc5c20a47d.jpg"
Warning: Could not read back "/tmp/extracted/app/Retail/steam_settings/ach_images/locked/f0ce51f80c56c586ed10cdd2bd410fbc5c20a47d.jpg" to calculate output checksum for multi-part file
 - "app/Retail/steam_settings/ach_images/locked/f453b1b59e1a68d4034d898c18bc67cb700268d7.jpg"
Warning: Could not read back "/tmp/extracted/app/Retail/steam_settings/ach_images/locked/f453b1b59e1a68d4034d898c18bc67cb700268d7.jpg" to calculate output checksum for multi-part file
 - "app/Retail/steam_settings/ach_images/locked/f90c711ffbaab6dbb6c7d0bcfccee521c7fdc2ae.jpg"
Warning: Could not read back "/tmp/extracted/app/Retail/steam_settings/ach_images/locked/f90c711ffbaab6dbb6c7d0bcfccee521c7fdc2ae.jpg" to calculate output checksum for multi-part file
 - "app/Retail/steam_settings/ach_images/locked/f982d45602c0f39ec7946f5610ac57c201510555.jpg"
Warning: Could not read back "/tmp/extracted/app/Retail/steam_settings/ach_images/locked/f982d45602c0f39ec7946f5610ac57c201510555.jpg" to calculate output checksum for multi-part file
 - "app/Retail/steam_settings/ach_images/locked/fd132334ae08545c4dadceb049f2907838572816.jpg"
Warning: Could not read back "/tmp/extracted/app/Retail/steam_settings/ach_images/locked/fd132334ae08545c4dadceb049f2907838572816.jpg" to calculate output checksum for multi-part file
 - "app/Retail/steam_settings/configs.user.ini"
Warning: Could not read back "/tmp/extracted/app/Retail/steam_settings/configs.user.ini" to calculate output checksum for multi-part file
 - "app/HITMAN 3 Launcher.cmd"
Warning: Could not read back "/tmp/extracted/app/HITMAN 3 Launcher.cmd" to calculate output checksum for multi-part file
Done with 325 warnings.
